Microchip MPLAB XC8 Compiler V1.35 ()

Linker command line:

--edf=C:\Program Files (x86)\Microchip\xc8\v1.35\dat\en_msgs.txt -cs \
  -h+dist/default/debug\Brake_System.X.debug.sym \
  --cmf=dist/default/debug\Brake_System.X.debug.cmf -z -Q18F4480 \
  -oC:\Users\Massimo\AppData\Local\Temp\s6fo.2 \
  -Mdist/default/debug/Brake_System.X.debug.map -E1 -ver=XC8 --acfsm=1493 \
  -ASTACK=07Fh-02ffh -pstack=STACK -ACODE=00h-03FFFh -ACONST=00h-03FFFh \
  -ASMALLCONST=0300h-03FFhx61 -AMEDIUMCONST=0300h-03FFFh -ACOMRAM=01h-05Fh \
  -AABS1=00h-02FFh -ABIGRAM=01h-02FFh -ARAM=060h-0FFh,0100h-01FFhx2 \
  -ABANK0=060h-0FFh -ABANK1=0100h-01FFh -ABANK2=0200h-02FFh \
  -ASFR=0D00h-0DFFhx2,0F00h-0F5Fh,0F60h-0FFFh \
  -preset_vec=00h,intcode=08h,intcodelo,powerup,init,end_init \
  -pramtop=0300h -psmallconst=SMALLCONST -pmediumconst=MEDIUMCONST \
  -pconst=CONST -AFARRAM=00h-00h -ACONFIG=0300000h-030000Dh -pconfig=CONFIG \
  -AIDLOC=0200000h-0200007h -pidloc=IDLOC -AEEDATA=0F00000h-0F000FFh \
  -peeprom_data=EEDATA \
  -prdata=COMRAM,nvrram=COMRAM,nvbit=COMRAM,rbss=COMRAM,rbit=COMRAM \
  -pfarbss=FARRAM,fardata=FARRAM,nvFARRAM=FARRAM \
  -pintsave_regs=BIGRAM,bigbss=BIGRAM,bigdata=BIGRAM -pbss=RAM \
  -pidata=CODE,irdata=CODE,ibigdata=CODE,ifardata=CODE -prparam=COMRAM \
  C:\Users\Massimo\AppData\Local\Temp\s6fo.obj \
  dist/default/debug\Brake_System.X.debug.obj 

Object code version is 3.11

Machine type is 18F4480

Call graph: (short form)




                Name                               Link     Load   Length Selector   Space Scale
C:\Users\Massimo\AppData\Local\Temp\s6fo.obj
                end_init                             16       16        4        4       0
                reset_vec                             0        0        4        0       0
                idloc                            200000   200000        8   200000       0
                config                           300000   300000        E   300000       0
dist/default/debug\Brake_System.X.debug.obj
                intcode                               8        8        E        4       0
                temp                                 45       45        1        1       1
                text20                             20EE     20EE       16        4       0
                text19                             11D4     11D4      50C        4       0
                intcode_body                       1CFE     1CFE       B8        4       0
                text17                             1F52     1F52       5E        4       0
                text16                             1EEC     1EEC       66        4       0
                text15                             2132     2132        C        4       0
                text14                             2126     2126        C        4       0
                text13                             1DB6     1DB6       9C        4       0
                text12                             2104     2104       12        4       0
                text11                               1A       1A      A46        4       0
                text10                             16E0     16E0      35E        4       0
                text9                              1A3E     1A3E      1B2        4       0
                text8                              2116     2116       10        4       0
                text7                              20D2     20D2       1C        4       0
                text6                              203C     203C       3A        4       0
                text5                              20A8     20A8       2A        4       0
                text4                              2076     2076       32        4       0
                text3                              1E52     1E52       9A        4       0
                text2                               A60      A60      774        4       0
                text1                              1FF6     1FF6       46        4       0
                text0                              1BF0     1BF0      10E        4       0
                cstackCOMRAM                         22       22       1F        1       1
                cstackBANK0                          60       60       17       60       1
                bssBANK0                             77       77        8       60       1
                dataCOMRAM                           41       41        3        1       1
                bssCOMRAM                             1        1       21        1       1
                bitbssCOMRAM                        220       44        2        1       1     8
                cinit                              1FB0     1FB0       46        4       0
                idataCOMRAM                        213E     213E        3        4       0

TOTAL           Name                               Link     Load   Length     Space
        CLASS   STACK          

        CLASS   CODE           
                end_init                             16       16        4         0
                intcode                               8        8        E         0
                reset_vec                             0        0        4         0
                text20                             20EE     20EE       16         0
                text19                             11D4     11D4      50C         0
                intcode_body                       1CFE     1CFE       B8         0
                text17                             1F52     1F52       5E         0
                text16                             1EEC     1EEC       66         0
                text15                             2132     2132        C         0
                text14                             2126     2126        C         0
                text13                             1DB6     1DB6       9C         0
                text12                             2104     2104       12         0
                text11                               1A       1A      A46         0
                text10                             16E0     16E0      35E         0
                text9                              1A3E     1A3E      1B2         0
                text8                              2116     2116       10         0
                text7                              20D2     20D2       1C         0
                text6                              203C     203C       3A         0
                text5                              20A8     20A8       2A         0
                text4                              2076     2076       32         0
                text3                              1E52     1E52       9A         0
                text2                               A60      A60      774         0
                text1                              1FF6     1FF6       46         0
                text0                              1BF0     1BF0      10E         0
                cinit                              1FB0     1FB0       46         0
                idataCOMRAM                        213E     213E        3         0

        CLASS   CONST          

        CLASS   SMALLCONST     

        CLASS   MEDIUMCONST    

        CLASS   COMRAM         
                temp                                 45       45        1         1
                cstackCOMRAM                         22       22       1F         1
                dataCOMRAM                           41       41        3         1
                bssCOMRAM                             1        1       21         1
                bitbssCOMRAM                        220       44        2         1

        CLASS   ABS1           

        CLASS   BIGRAM         

        CLASS   RAM            

        CLASS   BANK0          
                cstackBANK0                          60       60       17         1
                bssBANK0                             77       77        8         1

        CLASS   BANK1          

        CLASS   BANK2          

        CLASS   SFR            

        CLASS   FARRAM         

        CLASS   CONFIG         
                config                           300000   300000        E         0

        CLASS   IDLOC          
                idloc                            200000   200000        8         0

        CLASS   EEDATA         



SEGMENTS        Name                           Load    Length   Top    Selector   Space  Class

                reset_vec                      000000  000004  000004         0       0  CODE    
                bssCOMRAM                      000001  000045  000046         1       1  COMRAM  
                intcode                        000008  002139  002141         4       0  CODE    
                cstackBANK0                    000060  00001F  00007F        60       1  BANK0   
                idloc                          200000  000008  200008    200000       0  IDLOC   
                config                         300000  00000E  30000E    300000       0  CONFIG  


UNUSED ADDRESS RANGES

        Name                Unused          Largest block    Delta
        BANK0            00007F-0000FF               81
        BANK1            000100-0001FF              100
        BANK2            000200-0002FF              100
        BIGRAM           000046-00005F               1A
                         00007F-0002FF              281
        CODE             000004-000007                4
                         002141-003FFF             1EBF
        COMRAM           000046-00005F               1A
        CONST            000004-000007                4
                         002141-003FFF             1EBF
        EEDATA           F00000-F000FF              100
        MEDIUMCONST      002141-003FFF             1EBF
        RAM              00007F-0002FF              100
        SFR              000D00-000FFF              100
        SMALLCONST       002141-003FFF              100
        STACK            00007F-0002FF              281

                                  Symbol Table

?___awdiv                      cstackCOMRAM 00003C
?___lwdiv                      cstackCOMRAM 00003C
?___wmul                       cstackCOMRAM 00003C
CANInitialize@BRP              cstackBANK0  00006C
CANInitialize@FilterConfig1    cstackBANK0  000073
CANInitialize@FilterConfig2    cstackBANK0  000074
CANInitialize@SJW              cstackBANK0  00006B
CANInitialize@flags            cstackBANK0  00006D
CANInitialize@phaseSeg1        cstackBANK0  000069
CANInitialize@phaseSeg2        cstackBANK0  00006A
CANInitialize@propSeg          cstackBANK0  000072
CANOperationMode@mode          cstackCOMRAM 00003C
CANSetFilter@filter            cstackCOMRAM 00003C
CANSetFilter@numBuffer         cstackBANK0  000064
CANSetFilter@tamp              cstackBANK0  000065
CANSetFilter@type              cstackCOMRAM 000040
CANSetMask@mask                cstackCOMRAM 00003C
CANSetMask@numBuffer           cstackBANK0  000064
CANSetMask@tamp                cstackBANK0  000065
CANSetMask@type                cstackCOMRAM 000040
CANreceiveMessage@error        cstackCOMRAM 00002C
CANreceiveMessage@msg          cstackCOMRAM 000022
CANreceiveMessage@tamp         cstackCOMRAM 00002D
CANsendMessage@data            cstackBANK0  000064
CANsendMessage@dataLength      cstackBANK0  000066
CANsendMessage@flags           cstackBANK0  000067
CANsendMessage@identifier      cstackBANK0  000060
CANsendMessage@tamp            cstackBANK0  000068
OpenEPWM1@period               cstackCOMRAM 00003C
OpenTimer2@config              cstackCOMRAM 00003C
SetDCEPWM1@DCycle              cstackBANK0  000060
SetDCEPWM1@dutycycle           cstackCOMRAM 00003C
_ADCON0bits                    (abs)        000FC2
_ADCON1                        (abs)        000FC1
_ADCON2bits                    (abs)        000FC0
_ADC_Read                      text16       001EEC
_ADC_wait_counter              bssCOMRAM    00000B
_ADC_wait_factor               bssCOMRAM    00000C
_ADRESH                        (abs)        000FC4
_BRGCON1                       (abs)        000F70
_BRGCON2                       (abs)        000F71
_BRGCON2bits                   (abs)        000F71
_BRGCON3                       (abs)        000F72
_BRGCON3bits                   (abs)        000F72
_CANCON                        (abs)        000F6F
_CANCONbits                    (abs)        000F6F
_CANInitialize                 text9        001A3E
_CANOperationMode              text12       002104
_CANSTAT                       (abs)        000F6E
_CANSetFilter                  text11       00001A
_CANSetMask                    text10       0016E0
_CANisRXwarningON              text15       002132
_CANisRxReady                  text20       0020EE
_CANisRxReady$2699             cstackCOMRAM 000022
_CANisTXwarningON              text14       002126
_CANreceiveMessage             text19       0011D4
_CANsendMessage                text2        000A60
_COMSTATbits                   (abs)        000F74
_ECCP1CON                      (abs)        000FBA
_ECCPR1L                       (abs)        000FBB
_INTCONbits                    (abs)        000FF2
_ISR_Alta                      intcode      000008
_LATA                          (abs)        000F89
_LATB                          (abs)        000F8A
_LATC                          (abs)        000F8B
_LATD                          (abs)        000F8C
_LATE                          (abs)        000F8D
_OpenEPWM1                     text8        002116
_OpenTimer2                    text7        0020D2
_PIE1bits                      (abs)        000F9D
_PIE3bits                      (abs)        000FA3
_PIR1bits                      (abs)        000F9E
_PIR3bits                      (abs)        000FA4
_PORTBbits                     (abs)        000F81
_PR2                           (abs)        000FCB
_RCONbits                      (abs)        000FD0
_RXB0CON                       (abs)        000F60
_RXB0CONbits                   (abs)        000F60
_RXB0D0                        (abs)        000F66
_RXB0D1                        (abs)        000F67
_RXB0D2                        (abs)        000F68
_RXB0D3                        (abs)        000F69
_RXB0D4                        (abs)        000F6A
_RXB0D5                        (abs)        000F6B
_RXB0D6                        (abs)        000F6C
_RXB0D7                        (abs)        000F6D
_RXB0DLC                       (abs)        000F65
_RXB0DLCbits                   (abs)        000F65
_RXB0EIDH                      (abs)        000F63
_RXB0EIDL                      (abs)        000F64
_RXB0SIDH                      (abs)        000F61
_RXB0SIDL                      (abs)        000F62
_RXB0SIDLbits                  (abs)        000F62
_RXB1CON                       (abs)        000F50
_RXB1CONbits                   (abs)        000F50
_RXB1D0                        (abs)        000F56
_RXB1D1                        (abs)        000F57
_RXB1D2                        (abs)        000F58
_RXB1D3                        (abs)        000F59
_RXB1D4                        (abs)        000F5A
_RXB1D5                        (abs)        000F5B
_RXB1D6                        (abs)        000F5C
_RXB1D7                        (abs)        000F5D
_RXB1DLC                       (abs)        000F55
_RXB1DLCbits                   (abs)        000F55
_RXB1EIDH                      (abs)        000F53
_RXB1EIDL                      (abs)        000F54
_RXB1SIDH                      (abs)        000F51
_RXB1SIDL                      (abs)        000F52
_RXB1SIDLbits                  (abs)        000F52
_RXERRCNT                      (abs)        000F75
_RXF0EIDH                      (abs)        000F02
_RXF0EIDL                      (abs)        000F03
_RXF0SIDH                      (abs)        000F00
_RXF0SIDL                      (abs)        000F01
_RXF0SIDLbits                  (abs)        000F01
_RXF1EIDH                      (abs)        000F06
_RXF1EIDL                      (abs)        000F07
_RXF1SIDH                      (abs)        000F04
_RXF1SIDL                      (abs)        000F05
_RXF1SIDLbits                  (abs)        000F05
_RXF2EIDH                      (abs)        000F0A
_RXF2EIDL                      (abs)        000F0B
_RXF2SIDH                      (abs)        000F08
_RXF2SIDL                      (abs)        000F09
_RXF2SIDLbits                  (abs)        000F09
_RXF3EIDH                      (abs)        000F0E
_RXF3EIDL                      (abs)        000F0F
_RXF3SIDH                      (abs)        000F0C
_RXF3SIDL                      (abs)        000F0D
_RXF3SIDLbits                  (abs)        000F0D
_RXF4EIDH                      (abs)        000F12
_RXF4EIDL                      (abs)        000F13
_RXF4SIDH                      (abs)        000F10
_RXF4SIDL                      (abs)        000F11
_RXF4SIDLbits                  (abs)        000F11
_RXF5EIDH                      (abs)        000F16
_RXF5EIDL                      (abs)        000F17
_RXF5SIDH                      (abs)        000F14
_RXF5SIDL                      (abs)        000F15
_RXF5SIDLbits                  (abs)        000F15
_RXM0EIDH                      (abs)        000F1A
_RXM0EIDL                      (abs)        000F1B
_RXM0SIDH                      (abs)        000F18
_RXM0SIDL                      (abs)        000F19
_RXM0SIDLbits                  (abs)        000F19
_RXM1EIDH                      (abs)        000F1E
_RXM1EIDL                      (abs)        000F1F
_RXM1SIDH                      (abs)        000F1C
_RXM1SIDL                      (abs)        000F1D
_RXM1SIDLbits                  (abs)        000F1D
_SetDCEPWM1                    text6        00203C
_T2CON                         (abs)        000FCA
_T2CONbits                     (abs)        000FCA
_TMR2                          (abs)        000FCC
_TRISA                         (abs)        000F92
_TRISB                         (abs)        000F93
_TRISC                         (abs)        000F94
_TRISD                         (abs)        000F95
_TRISE                         (abs)        000F96
_TXB0CONbits                   (abs)        000F40
_TXB0D0                        (abs)        000F46
_TXB0D1                        (abs)        000F47
_TXB0D2                        (abs)        000F48
_TXB0D3                        (abs)        000F49
_TXB0D4                        (abs)        000F4A
_TXB0D5                        (abs)        000F4B
_TXB0D6                        (abs)        000F4C
_TXB0D7                        (abs)        000F4D
_TXB0DLC                       (abs)        000F45
_TXB0DLCbits                   (abs)        000F45
_TXB0EIDH                      (abs)        000F43
_TXB0EIDL                      (abs)        000F44
_TXB0SIDH                      (abs)        000F41
_TXB0SIDL                      (abs)        000F42
_TXB0SIDLbits                  (abs)        000F42
_TXB1CONbits                   (abs)        000F30
_TXB1D0                        (abs)        000F36
_TXB1D1                        (abs)        000F37
_TXB1D2                        (abs)        000F38
_TXB1D3                        (abs)        000F39
_TXB1D4                        (abs)        000F3A
_TXB1D5                        (abs)        000F3B
_TXB1D6                        (abs)        000F3C
_TXB1D7                        (abs)        000F3D
_TXB1DLC                       (abs)        000F35
_TXB1DLCbits                   (abs)        000F35
_TXB1EIDH                      (abs)        000F33
_TXB1EIDL                      (abs)        000F34
_TXB1SIDH                      (abs)        000F31
_TXB1SIDL                      (abs)        000F32
_TXB1SIDLbits                  (abs)        000F32
_TXB2CONbits                   (abs)        000F20
_TXB2D0                        (abs)        000F26
_TXB2D1                        (abs)        000F27
_TXB2D2                        (abs)        000F28
_TXB2D3                        (abs)        000F29
_TXB2D4                        (abs)        000F2A
_TXB2D5                        (abs)        000F2B
_TXB2D6                        (abs)        000F2C
_TXB2D7                        (abs)        000F2D
_TXB2DLC                       (abs)        000F25
_TXB2DLCbits                   (abs)        000F25
_TXB2EIDH                      (abs)        000F23
_TXB2EIDL                      (abs)        000F24
_TXB2SIDH                      (abs)        000F21
_TXB2SIDL                      (abs)        000F22
_TXB2SIDLbits                  (abs)        000F22
_TXERRCNT                      (abs)        000F76
_Tx_retry                      bitbssCOMRAM 000220
__CFG_BBSIZ$1024               (abs)        000000
__CFG_BOREN$BOHW               (abs)        000000
__CFG_BORV$3                   (abs)        000000
__CFG_CP0$OFF                  (abs)        000000
__CFG_CP1$OFF                  (abs)        000000
__CFG_CPB$OFF                  (abs)        000000
__CFG_CPD$OFF                  (abs)        000000
__CFG_EBTR0$OFF                (abs)        000000
__CFG_EBTR1$OFF                (abs)        000000
__CFG_EBTRB$OFF                (abs)        000000
__CFG_FCMEN$OFF                (abs)        000000
__CFG_IESO$OFF                 (abs)        000000
__CFG_LPT1OSC$OFF              (abs)        000000
__CFG_LVP$ON                   (abs)        000000
__CFG_MCLRE$ON                 (abs)        000000
__CFG_OSC$HS                   (abs)        000000
__CFG_PBADEN$ON                (abs)        000000
__CFG_PWRT$OFF                 (abs)        000000
__CFG_STVREN$ON                (abs)        000000
__CFG_WDT$OFF                  (abs)        000000
__CFG_WDTPS$32768              (abs)        000000
__CFG_WRT0$OFF                 (abs)        000000
__CFG_WRT1$OFF                 (abs)        000000
__CFG_WRTB$OFF                 (abs)        000000
__CFG_WRTC$OFF                 (abs)        000000
__CFG_WRTD$OFF                 (abs)        000000
__CFG_XINST$OFF                (abs)        000000
__HRAM                         (abs)        000000
__Habs1                        abs1         000000
__Hbank0                       bank0        000000
__Hbank1                       bank1        000000
__Hbank2                       bank2        000000
__Hbigbss                      bigbss       000000
__Hbigdata                     bigdata      000000
__Hbigram                      bigram       000000
__HbitbssCOMRAM                bitbssCOMRAM 000000
__Hbss                         bss          000000
__HbssBANK0                    bssBANK0     000000
__HbssCOMRAM                   bssCOMRAM    000000
__Hcinit                       cinit        000000
__Hclrtext                     clrtext      000000
__Hcomram                      comram       000000
__Hconfig                      config       30000E
__Hconst                       const        000000
__HcstackBANK0                 cstackBANK0  000000
__HcstackCOMRAM                cstackCOMRAM 000000
__Hdata                        data         000000
__HdataCOMRAM                  dataCOMRAM   000000
__Heeprom_data                 eeprom_data  000000
__Hend_init                    end_init     00001A
__Hfarbss                      farbss       000000
__Hfardata                     fardata      000000
__Hibigdata                    ibigdata     000000
__Hidata                       idata        000000
__HidataCOMRAM                 idataCOMRAM  000000
__Hidloc                       idloc        200008
__Hifardata                    ifardata     000000
__Hinit                        init         000016
__Hintcode                     intcode      000016
__Hintcode_body                intcode_body 000000
__Hintcodelo                   intcodelo    000016
__Hintentry                    intentry     000000
__Hintret                      intret       000000
__Hintsave_regs                intsave_regs 000000
__Hirdata                      irdata       000000
__Hmediumconst                 mediumconst  000000
__HnvFARRAM                    nvFARRAM     000000
__Hnvbit                       nvbit        000000
__Hnvrram                      nvrram       000000
__Hparam                       rparam       000000
__Hpowerup                     powerup      000016
__Hram                         ram          000000
__Hramtop                      ramtop       000300
__Hrbit                        rbit         000000
__Hrbss                        rbss         000000
__Hrdata                       rdata        000000
__Hreset_vec                   reset_vec    000004
__Hrparam                      rparam       000000
__Hsfr                         sfr          000000
__Hsmallconst                  smallconst   000000
__Hspace_0                     (abs)        30000E
__Hspace_1                     (abs)        000222
__Hspace_2                     (abs)        000000
__Hstack                       stack        000000
__Hstruct                      struct       000000
__Htemp                        temp         000046
__Htext                        text         000000
__Htext0                       text0        000000
__Htext1                       text1        000000
__Htext10                      text10       000000
__Htext11                      text11       000000
__Htext12                      text12       000000
__Htext13                      text13       000000
__Htext14                      text14       000000
__Htext15                      text15       000000
__Htext16                      text16       000000
__Htext17                      text17       000000
__Htext19                      text19       000000
__Htext2                       text2        000000
__Htext20                      text20       000000
__Htext3                       text3        000000
__Htext4                       text4        000000
__Htext5                       text5        000000
__Htext6                       text6        000000
__Htext7                       text7        000000
__Htext8                       text8        000000
__Htext9                       text9        000000
__LRAM                         (abs)        000001
__Labs1                        abs1         000000
__Lbank0                       bank0        000000
__Lbank1                       bank1        000000
__Lbank2                       bank2        000000
__Lbigbss                      bigbss       000000
__Lbigdata                     bigdata      000000
__Lbigram                      bigram       000000
__LbitbssCOMRAM                bitbssCOMRAM 000000
__Lbss                         bss          000000
__LbssBANK0                    bssBANK0     000000
__LbssCOMRAM                   bssCOMRAM    000000
__Lcinit                       cinit        000000
__Lclrtext                     clrtext      000000
__Lcomram                      comram       000000
__Lconfig                      config       300000
__Lconst                       const        000000
__LcstackBANK0                 cstackBANK0  000000
__LcstackCOMRAM                cstackCOMRAM 000000
__Ldata                        data         000000
__LdataCOMRAM                  dataCOMRAM   000000
__Leeprom_data                 eeprom_data  000000
__Lend_init                    end_init     000016
__Lfarbss                      farbss       000000
__Lfardata                     fardata      000000
__Libigdata                    ibigdata     000000
__Lidata                       idata        000000
__LidataCOMRAM                 idataCOMRAM  000000
__Lidloc                       idloc        200000
__Lifardata                    ifardata     000000
__Linit                        init         000016
__Lintcode                     intcode      000008
__Lintcode_body                intcode_body 000000
__Lintcodelo                   intcodelo    000016
__Lintentry                    intentry     000000
__Lintret                      intret       000000
__Lintsave_regs                intsave_regs 000000
__Lirdata                      irdata       000000
__Lmediumconst                 mediumconst  000000
__LnvFARRAM                    nvFARRAM     000000
__Lnvbit                       nvbit        000000
__Lnvrram                      nvrram       000000
__Lparam                       rparam       000000
__Lpowerup                     powerup      000016
__Lram                         ram          000000
__Lramtop                      ramtop       000300
__Lrbit                        rbit         000000
__Lrbss                        rbss         000000
__Lrdata                       rdata        000000
__Lreset_vec                   reset_vec    000000
__Lrparam                      rparam       000000
__Lsfr                         sfr          000000
__Lsmallconst                  smallconst   000000
__Lspace_0                     (abs)        000000
__Lspace_1                     (abs)        000000
__Lspace_2                     (abs)        000000
__Lstack                       stack        000000
__Lstruct                      struct       000000
__Ltemp                        temp         000045
__Ltext                        text         000000
__Ltext0                       text0        000000
__Ltext1                       text1        000000
__Ltext10                      text10       000000
__Ltext11                      text11       000000
__Ltext12                      text12       000000
__Ltext13                      text13       000000
__Ltext14                      text14       000000
__Ltext15                      text15       000000
__Ltext16                      text16       000000
__Ltext17                      text17       000000
__Ltext19                      text19       000000
__Ltext2                       text2        000000
__Ltext20                      text20       000000
__Ltext3                       text3        000000
__Ltext4                       text4        000000
__Ltext5                       text5        000000
__Ltext6                       text6        000000
__Ltext7                       text7        000000
__Ltext8                       text8        000000
__Ltext9                       text9        000000
__S0                           (abs)        30000E
__S1                           (abs)        00007F
__S2                           (abs)        000000
___awdiv                       text13       001DB6
___awdiv@counter               cstackBANK0  000060
___awdiv@dividend              cstackCOMRAM 00003C
___awdiv@divisor               cstackCOMRAM 00003E
___awdiv@quotient              cstackBANK0  000062
___awdiv@sign                  cstackBANK0  000061
___inthi_sp                    stack        000000
___intlo_sp                    stack        000000
___lwdiv                       text17       001F52
___lwdiv@counter               cstackBANK0  000060
___lwdiv@dividend              cstackCOMRAM 00003C
___lwdiv@divisor               cstackCOMRAM 00003E
___lwdiv@quotient              cstackBANK0  000061
___param_bank                  (abs)        000010
___rparam_used                 (abs)        000001
___sp                          stack        000000
___wmul                        text5        0020A8
___wmul@multiplicand           cstackCOMRAM 00003E
___wmul@multiplier             cstackCOMRAM 00003C
___wmul@product                cstackBANK0  000060
__accesstop                    (abs)        000060
__activetblptr                 (abs)        000002
__end_of_ADC_Read              text16       001F52
__end_of_CANInitialize         text9        001BF0
__end_of_CANOperationMode      text12       002116
__end_of_CANSetFilter          text11       000A60
__end_of_CANSetMask            text10       001A3E
__end_of_CANisRXwarningON      text15       00213E
__end_of_CANisRxReady          text20       002104
__end_of_CANisTXwarningON      text14       002132
__end_of_CANreceiveMessage     text19       0016E0
__end_of_CANsendMessage        text2        0011D4
__end_of_ISR_Alta              intcode_body 001DB6
__end_of_OpenEPWM1             text8        002126
__end_of_OpenTimer2            text7        0020EE
__end_of_SetDCEPWM1            text6        002076
__end_of___awdiv               text13       001E52
__end_of___lwdiv               text17       001FB0
__end_of___wmul                text5        0020D2
__end_of__initialization       cinit        001FE8
__end_of_board_initialization  text3        001EEC
__end_of_delay_ms              text4        0020A8
__end_of_main                  text0        001CFE
__end_of_status_ok             text1        00203C
__initialization               cinit        001FB0
__mediumconst                  mediumconst  000000
__pbitbssCOMRAM                bitbssCOMRAM 000220
__pbssBANK0                    bssBANK0     000077
__pbssCOMRAM                   bssCOMRAM    000001
__pcinit                       cinit        001FB0
__pcstackBANK0                 cstackBANK0  000060
__pcstackCOMRAM                cstackCOMRAM 000022
__pdataCOMRAM                  dataCOMRAM   000041
__pidataCOMRAM                 idataCOMRAM  00213E
__pintcode                     intcode      000008
__pintcode_body                intcode_body 001CFE
__ptext0                       text0        001BF0
__ptext1                       text1        001FF6
__ptext10                      text10       0016E0
__ptext11                      text11       00001A
__ptext12                      text12       002104
__ptext13                      text13       001DB6
__ptext14                      text14       002126
__ptext15                      text15       002132
__ptext16                      text16       001EEC
__ptext17                      text17       001F52
__ptext19                      text19       0011D4
__ptext2                       text2        000A60
__ptext20                      text20       0020EE
__ptext3                       text3        001E52
__ptext4                       text4        002076
__ptext5                       text5        0020A8
__ptext6                       text6        00203C
__ptext7                       text7        0020D2
__ptext8                       text8        002116
__ptext9                       text9        001A3E
__ramtop                       ramtop       000300
__size_of_ADC_Read             (abs)        000000
__size_of_CANInitialize        (abs)        000000
__size_of_CANOperationMode     (abs)        000000
__size_of_CANSetFilter         (abs)        000000
__size_of_CANSetMask           (abs)        000000
__size_of_CANisRXwarningON     (abs)        000000
__size_of_CANisRxReady         (abs)        000000
__size_of_CANisTXwarningON     (abs)        000000
__size_of_CANreceiveMessage    (abs)        000000
__size_of_CANsendMessage       (abs)        000000
__size_of_ISR_Alta             (abs)        000000
__size_of_OpenEPWM1            (abs)        000000
__size_of_OpenTimer2           (abs)        000000
__size_of_SetDCEPWM1           (abs)        000000
__size_of___awdiv              (abs)        000000
__size_of___lwdiv              (abs)        000000
__size_of___wmul               (abs)        000000
__size_of_board_initialization (abs)        000000
__size_of_delay_ms             (abs)        000000
__size_of_main                 (abs)        000000
__size_of_status_ok            (abs)        000000
__smallconst                   smallconst   000000
_board_initialization          text3        001E52
_brake_signal_CAN              bssCOMRAM    00000D
_brake_value_PWM               bssCOMRAM    00000E
_brake_value_inc               bssCOMRAM    00000F
_clock_counter_reference       bssCOMRAM    000005
_correction_factor             bssCOMRAM    000007
_delay_ms                      text4        002076
_delay_quartz_frequency_value  dataCOMRAM   000041
_home_position                 bssCOMRAM    000010
_i                             bssCOMRAM    000011
_id                            bssCOMRAM    000001
_main                          text0        001BF0
_msg                           bssCOMRAM    000013
_number_of_measures            dataCOMRAM   000042
_partial_sum                   bssCOMRAM    000009
_period                        dataCOMRAM   000043
_read                          bssCOMRAM    000012
_remote_frame                  bitbssCOMRAM 000221
_status_array                  bssBANK0     000077
_status_ok                     text1        001FF6
btemp                          temp         000045
delay_ms@value_ms              cstackBANK0  000062
end_of_initialization          cinit        001FE8
int$flags                      temp         000045
int_func                       intcode_body 001CFE
intlevel0                      text         000000
intlevel1                      text         000000
intlevel2                      text         000000
intlevel3                      text         000000
stackhi                        (abs)        0002FF
stacklo                        (abs)        00007F
start                          init         000016
start_initialization           cinit        001FB0


FUNCTION INFORMATION:

 *************** function _main *****************
 Defined at:
		line 99 in file "Brake_System.c"
 Parameters:    Size  Location     Type
		None
 Auto vars:     Size  Location     Type
		None
 Return value:  Size  Location     Type
                  2  606[None  ] int 
 Registers used:
		wreg, fsr2l, fsr2h, status,2, status,0, prodl, prodh, cstack
 Tracked objects:
		On entry : 
		On exit  : 
		Unchanged: 
 Data sizes:     COMRAM   BANK0   BANK1   BANK2
      Params:         0       0       0       0
      Locals:         0       0       0       0
      Temps:          0       2       0       0
      Totals:         0       2       0       0
Total ram usage:        2 bytes
 Hardware stack levels required when called:    5
 This function calls:
		_ADC_Read
		_CANisRXwarningON
		_CANisTXwarningON
		_SetDCEPWM1
		___awdiv
		_board_initialization
		_status_ok
 This function is called by:
		Startup code after reset
 This function uses a non-reentrant model


 *************** function _status_ok *****************
 Defined at:
		line 146 in file "Brake_System.c"
 Parameters:    Size  Location     Type
		None
 Auto vars:     Size  Location     Type
		None
 Return value:  Size  Location     Type
		None               void
 Registers used:
		wreg, fsr2l, fsr2h, status,2, status,0, cstack
 Tracked objects:
		On entry : 
		On exit  : 
		Unchanged: 
 Data sizes:     COMRAM   BANK0   BANK1   BANK2
      Params:         0       0       0       0
      Locals:         0       0       0       0
      Temps:          0       0       0       0
      Totals:         0       0       0       0
Total ram usage:        0 bytes
 Hardware stack levels used:    1
 Hardware stack levels required when called:    3
 This function calls:
		_CANsendMessage
 This function is called by:
		_main
 This function uses a non-reentrant model


 *************** function _CANsendMessage *****************
 Defined at:
		line 294 in file "../LaurTec_PIC_libraries_v_3.3.0/inc\CANlib.h"
 Parameters:    Size  Location     Type
  identifier      4    0[BANK0 ] unsigned long 
  data            2    4[BANK0 ] PTR unsigned char 
		 -> status_array(8), 
  dataLength      1    6[BANK0 ] unsigned char 
  flags           1    7[BANK0 ] enum E16866
 Auto vars:     Size  Location     Type
  tamp            4    8[BANK0 ] unsigned long 
 Return value:  Size  Location     Type
		None               void
 Registers used:
		wreg, fsr2l, fsr2h, status,2, status,0
 Tracked objects:
		On entry : 
		On exit  : 
		Unchanged: 
 Data sizes:     COMRAM   BANK0   BANK1   BANK2
      Params:         0       8       0       0
      Locals:         0       4       0       0
      Temps:          4       0       0       0
      Totals:         4      12       0       0
Total ram usage:       16 bytes
 Hardware stack levels used:    1
 Hardware stack levels required when called:    2
 This function calls:
		Nothing
 This function is called by:
		_status_ok
 This function uses a non-reentrant model


 *************** function _board_initialization *****************
 Defined at:
		line 170 in file "Brake_System.c"
 Parameters:    Size  Location     Type
		None
 Auto vars:     Size  Location     Type
		None
 Return value:  Size  Location     Type
		None               void
 Registers used:
		wreg, status,2, status,0, prodl, prodh, cstack
 Tracked objects:
		On entry : 
		On exit  : 
		Unchanged: 
 Data sizes:     COMRAM   BANK0   BANK1   BANK2
      Params:         0       0       0       0
      Locals:         0       0       0       0
      Temps:          0       0       0       0
      Totals:         0       0       0       0
Total ram usage:        0 bytes
 Hardware stack levels used:    1
 Hardware stack levels required when called:    4
 This function calls:
		_CANInitialize
		_OpenEPWM1
		_OpenTimer2
		_SetDCEPWM1
		_delay_ms
 This function is called by:
		_main
 This function uses a non-reentrant model


 *************** function _delay_ms *****************
 Defined at:
		line 61 in file "../LaurTec_PIC_libraries_v_3.3.0/src\delay.c"
 Parameters:    Size  Location     Type
  value_ms        2    2[BANK0 ] unsigned int 
 Auto vars:     Size  Location     Type
		None
 Return value:  Size  Location     Type
		None               void
 Registers used:
		wreg, status,2, status,0, prodl, prodh, cstack
 Tracked objects:
		On entry : 
		On exit  : 
		Unchanged: 
 Data sizes:     COMRAM   BANK0   BANK1   BANK2
      Params:         0       2       0       0
      Locals:         0       0       0       0
      Temps:          0       0       0       0
      Totals:         0       2       0       0
Total ram usage:        2 bytes
 Hardware stack levels used:    1
 Hardware stack levels required when called:    3
 This function calls:
		___wmul
 This function is called by:
		_board_initialization
		_delay_s
 This function uses a non-reentrant model


 *************** function ___wmul *****************
 Defined at:
		line 15 in file "C:\Program Files (x86)\Microchip\xc8\v1.35\sources\common\Umul16.c"
 Parameters:    Size  Location     Type
  multiplier      2   26[COMRAM] unsigned int 
  multiplicand    2   28[COMRAM] unsigned int 
 Auto vars:     Size  Location     Type
  product         2    0[BANK0 ] unsigned int 
 Return value:  Size  Location     Type
                  2   26[COMRAM] unsigned int 
 Registers used:
		wreg, status,2, status,0, prodl, prodh
 Tracked objects:
		On entry : 
		On exit  : 
		Unchanged: 
 Data sizes:     COMRAM   BANK0   BANK1   BANK2
      Params:         4       0       0       0
      Locals:         0       2       0       0
      Temps:          0       0       0       0
      Totals:         4       2       0       0
Total ram usage:        6 bytes
 Hardware stack levels used:    1
 Hardware stack levels required when called:    2
 This function calls:
		Nothing
 This function is called by:
		_delay_ms
 This function uses a non-reentrant model


 *************** function _SetDCEPWM1 *****************
 Defined at:
		line 15 in file "C:\Program Files (x86)\Microchip\xc8\v1.35\sources\pic18\plib\PWM\ew1setdc.c"
 Parameters:    Size  Location     Type
  dutycycle       2   26[COMRAM] unsigned int 
 Auto vars:     Size  Location     Type
  DCycle          2    0[BANK0 ] struct PWMDC
 Return value:  Size  Location     Type
		None               void
 Registers used:
		wreg, status,2, status,0
 Tracked objects:
		On entry : 
		On exit  : 
		Unchanged: 
 Data sizes:     COMRAM   BANK0   BANK1   BANK2
      Params:         2       0       0       0
      Locals:         0       2       0       0
      Temps:          2       0       0       0
      Totals:         4       2       0       0
Total ram usage:        6 bytes
 Hardware stack levels used:    1
 Hardware stack levels required when called:    2
 This function calls:
		Nothing
 This function is called by:
		_main
		_board_initialization
 This function uses a non-reentrant model


 *************** function _OpenTimer2 *****************
 Defined at:
		line 17 in file "C:\Program Files (x86)\Microchip\xc8\v1.35\sources\pic18\plib\Timers\t2open.c"
 Parameters:    Size  Location     Type
  config          1    wreg     unsigned char 
 Auto vars:     Size  Location     Type
  config          1   26[COMRAM] unsigned char 
 Return value:  Size  Location     Type
		None               void
 Registers used:
		wreg, status,2, status,0
 Tracked objects:
		On entry : 
		On exit  : 
		Unchanged: 
 Data sizes:     COMRAM   BANK0   BANK1   BANK2
      Params:         0       0       0       0
      Locals:         1       0       0       0
      Temps:          0       0       0       0
      Totals:         1       0       0       0
Total ram usage:        1 bytes
 Hardware stack levels used:    1
 Hardware stack levels required when called:    2
 This function calls:
		Nothing
 This function is called by:
		_board_initialization
 This function uses a non-reentrant model


 *************** function _OpenEPWM1 *****************
 Defined at:
		line 15 in file "C:\Program Files (x86)\Microchip\xc8\v1.35\sources\pic18\plib\PWM\ew1open.c"
 Parameters:    Size  Location     Type
  period          1    wreg     unsigned char 
 Auto vars:     Size  Location     Type
  period          1   26[COMRAM] unsigned char 
 Return value:  Size  Location     Type
		None               void
 Registers used:
		wreg, status,2
 Tracked objects:
		On entry : 
		On exit  : 
		Unchanged: 
 Data sizes:     COMRAM   BANK0   BANK1   BANK2
      Params:         0       0       0       0
      Locals:         1       0       0       0
      Temps:          0       0       0       0
      Totals:         1       0       0       0
Total ram usage:        1 bytes
 Hardware stack levels used:    1
 Hardware stack levels required when called:    2
 This function calls:
		Nothing
 This function is called by:
		_board_initialization
 This function uses a non-reentrant model


 *************** function _CANInitialize *****************
 Defined at:
		line 218 in file "../LaurTec_PIC_libraries_v_3.3.0/inc\CANlib.h"
 Parameters:    Size  Location     Type
  propSeg         1    wreg     unsigned char 
  phaseSeg1       1    9[BANK0 ] unsigned char 
  phaseSeg2       1   10[BANK0 ] unsigned char 
  SJW             1   11[BANK0 ] unsigned char 
  BRP             1   12[BANK0 ] unsigned char 
  flags           1   13[BANK0 ] enum E16844
 Auto vars:     Size  Location     Type
  propSeg         1   18[BANK0 ] unsigned char 
  FilterConfig    1   20[BANK0 ] unsigned char 
  FilterConfig    1   19[BANK0 ] unsigned char 
 Return value:  Size  Location     Type
		None               void
 Registers used:
		wreg, status,2, status,0, cstack
 Tracked objects:
		On entry : 
		On exit  : 
		Unchanged: 
 Data sizes:     COMRAM   BANK0   BANK1   BANK2
      Params:         0       5       0       0
      Locals:         0       3       0       0
      Temps:          0       4       0       0
      Totals:         0      12       0       0
Total ram usage:       12 bytes
 Hardware stack levels used:    1
 Hardware stack levels required when called:    3
 This function calls:
		_CANOperationMode
		_CANSetFilter
		_CANSetMask
 This function is called by:
		_board_initialization
 This function uses a non-reentrant model


 *************** function _CANSetMask *****************
 Defined at:
		line 640 in file "../LaurTec_PIC_libraries_v_3.3.0/inc\CANlib.h"
 Parameters:    Size  Location     Type
  numBuffer       1    wreg     enum E16878
  mask            4   26[COMRAM] unsigned long 
  type            1   30[COMRAM] enum E16844
 Auto vars:     Size  Location     Type
  numBuffer       1    4[BANK0 ] enum E16878
  tamp            4    5[BANK0 ] unsigned long 
 Return value:  Size  Location     Type
		None               void
 Registers used:
		wreg, status,2, status,0
 Tracked objects:
		On entry : 
		On exit  : 
		Unchanged: 
 Data sizes:     COMRAM   BANK0   BANK1   BANK2
      Params:         5       0       0       0
      Locals:         0       5       0       0
      Temps:          0       4       0       0
      Totals:         5       9       0       0
Total ram usage:       14 bytes
 Hardware stack levels used:    1
 Hardware stack levels required when called:    2
 This function calls:
		Nothing
 This function is called by:
		_CANInitialize
 This function uses a non-reentrant model


 *************** function _CANSetFilter *****************
 Defined at:
		line 748 in file "../LaurTec_PIC_libraries_v_3.3.0/inc\CANlib.h"
 Parameters:    Size  Location     Type
  numBuffer       1    wreg     enum E16881
  filter          4   26[COMRAM] unsigned long 
  type            1   30[COMRAM] enum E16844
 Auto vars:     Size  Location     Type
  numBuffer       1    4[BANK0 ] enum E16881
  tamp            4    5[BANK0 ] unsigned long 
 Return value:  Size  Location     Type
		None               void
 Registers used:
		wreg, status,2, status,0
 Tracked objects:
		On entry : 
		On exit  : 
		Unchanged: 
 Data sizes:     COMRAM   BANK0   BANK1   BANK2
      Params:         5       0       0       0
      Locals:         0       5       0       0
      Temps:          0       4       0       0
      Totals:         5       9       0       0
Total ram usage:       14 bytes
 Hardware stack levels used:    1
 Hardware stack levels required when called:    2
 This function calls:
		Nothing
 This function is called by:
		_CANInitialize
 This function uses a non-reentrant model


 *************** function _CANOperationMode *****************
 Defined at:
		line 206 in file "../LaurTec_PIC_libraries_v_3.3.0/inc\CANlib.h"
 Parameters:    Size  Location     Type
  mode            1    wreg     enum E16838
 Auto vars:     Size  Location     Type
  mode            1   26[COMRAM] enum E16838
 Return value:  Size  Location     Type
		None               void
 Registers used:
		wreg, status,2, status,0
 Tracked objects:
		On entry : 
		On exit  : 
		Unchanged: 
 Data sizes:     COMRAM   BANK0   BANK1   BANK2
      Params:         0       0       0       0
      Locals:         1       0       0       0
      Temps:          0       0       0       0
      Totals:         1       0       0       0
Total ram usage:        1 bytes
 Hardware stack levels used:    1
 Hardware stack levels required when called:    2
 This function calls:
		Nothing
 This function is called by:
		_CANInitialize
 This function uses a non-reentrant model


 *************** function ___awdiv *****************
 Defined at:
		line 8 in file "C:\Program Files (x86)\Microchip\xc8\v1.35\sources\common\awdiv.c"
 Parameters:    Size  Location     Type
  dividend        2   26[COMRAM] int 
  divisor         2   28[COMRAM] int 
 Auto vars:     Size  Location     Type
  quotient        2    2[BANK0 ] int 
  sign            1    1[BANK0 ] unsigned char 
  counter         1    0[BANK0 ] unsigned char 
 Return value:  Size  Location     Type
                  2   26[COMRAM] int 
 Registers used:
		wreg, status,2, status,0
 Tracked objects:
		On entry : 
		On exit  : 
		Unchanged: 
 Data sizes:     COMRAM   BANK0   BANK1   BANK2
      Params:         4       0       0       0
      Locals:         0       4       0       0
      Temps:          0       0       0       0
      Totals:         4       4       0       0
Total ram usage:        8 bytes
 Hardware stack levels used:    1
 Hardware stack levels required when called:    2
 This function calls:
		Nothing
 This function is called by:
		_main
 This function uses a non-reentrant model


 *************** function _CANisTXwarningON *****************
 Defined at:
		line 1119 in file "../LaurTec_PIC_libraries_v_3.3.0/inc\CANlib.h"
 Parameters:    Size  Location     Type
		None
 Auto vars:     Size  Location     Type
		None
 Return value:  Size  Location     Type
                  1    wreg      unsigned char 
 Registers used:
		wreg
 Tracked objects:
		On entry : 
		On exit  : 
		Unchanged: 
 Data sizes:     COMRAM   BANK0   BANK1   BANK2
      Params:         0       0       0       0
      Locals:         0       0       0       0
      Temps:          0       0       0       0
      Totals:         0       0       0       0
Total ram usage:        0 bytes
 Hardware stack levels used:    1
 Hardware stack levels required when called:    2
 This function calls:
		Nothing
 This function is called by:
		_main
 This function uses a non-reentrant model


 *************** function _CANisRXwarningON *****************
 Defined at:
		line 1127 in file "../LaurTec_PIC_libraries_v_3.3.0/inc\CANlib.h"
 Parameters:    Size  Location     Type
		None
 Auto vars:     Size  Location     Type
		None
 Return value:  Size  Location     Type
                  1    wreg      unsigned char 
 Registers used:
		wreg
 Tracked objects:
		On entry : 
		On exit  : 
		Unchanged: 
 Data sizes:     COMRAM   BANK0   BANK1   BANK2
      Params:         0       0       0       0
      Locals:         0       0       0       0
      Temps:          0       0       0       0
      Totals:         0       0       0       0
Total ram usage:        0 bytes
 Hardware stack levels used:    1
 Hardware stack levels required when called:    2
 This function calls:
		Nothing
 This function is called by:
		_main
 This function uses a non-reentrant model


 *************** function _ADC_Read *****************
 Defined at:
		line 159 in file "Brake_System.c"
 Parameters:    Size  Location     Type
		None
 Auto vars:     Size  Location     Type
		None
 Return value:  Size  Location     Type
		None               void
 Registers used:
		wreg, status,2, status,0, cstack
 Tracked objects:
		On entry : 
		On exit  : 
		Unchanged: 
 Data sizes:     COMRAM   BANK0   BANK1   BANK2
      Params:         0       0       0       0
      Locals:         0       0       0       0
      Temps:          0       2       0       0
      Totals:         0       2       0       0
Total ram usage:        2 bytes
 Hardware stack levels used:    1
 Hardware stack levels required when called:    3
 This function calls:
		___lwdiv
 This function is called by:
		_main
 This function uses a non-reentrant model


 *************** function ___lwdiv *****************
 Defined at:
		line 8 in file "C:\Program Files (x86)\Microchip\xc8\v1.35\sources\common\lwdiv.c"
 Parameters:    Size  Location     Type
  dividend        2   26[COMRAM] unsigned int 
  divisor         2   28[COMRAM] unsigned int 
 Auto vars:     Size  Location     Type
  quotient        2    1[BANK0 ] unsigned int 
  counter         1    0[BANK0 ] unsigned char 
 Return value:  Size  Location     Type
                  2   26[COMRAM] unsigned int 
 Registers used:
		wreg, status,2, status,0
 Tracked objects:
		On entry : 
		On exit  : 
		Unchanged: 
 Data sizes:     COMRAM   BANK0   BANK1   BANK2
      Params:         4       0       0       0
      Locals:         0       3       0       0
      Temps:          0       0       0       0
      Totals:         4       3       0       0
Total ram usage:        7 bytes
 Hardware stack levels used:    1
 Hardware stack levels required when called:    2
 This function calls:
		Nothing
 This function is called by:
		_ADC_Read
 This function uses a non-reentrant model


 *************** function _ISR_Alta *****************
 Defined at:
		line 79 in file "Brake_System.c"
 Parameters:    Size  Location     Type
		None
 Auto vars:     Size  Location     Type
		None
 Return value:  Size  Location     Type
		None               void
 Registers used:
		wreg, fsr2l, fsr2h, status,2, status,0, cstack
 Tracked objects:
		On entry : 
		On exit  : 
		Unchanged: 
 Data sizes:     COMRAM   BANK0   BANK1   BANK2
      Params:         0       0       0       0
      Locals:         0       0       0       0
      Temps:         14       0       0       0
      Totals:        14       0       0       0
Total ram usage:       14 bytes
 Hardware stack levels used:    1
 Hardware stack levels required when called:    1
 This function calls:
		_CANisRxReady
		_CANreceiveMessage
 This function is called by:
		Interrupt level 2
 This function uses a non-reentrant model


 *************** function _CANreceiveMessage *****************
 Defined at:
		line 528 in file "../LaurTec_PIC_libraries_v_3.3.0/inc\CANlib.h"
 Parameters:    Size  Location     Type
  msg             2    0[COMRAM] PTR struct .
		 -> msg(15), 
 Auto vars:     Size  Location     Type
  tamp            1   11[COMRAM] unsigned char 
  error           1   10[COMRAM] unsigned char 
 Return value:  Size  Location     Type
                  1    wreg      unsigned char 
 Registers used:
		wreg, fsr2l, fsr2h, status,2, status,0
 Tracked objects:
		On entry : 
		On exit  : 
		Unchanged: 
 Data sizes:     COMRAM   BANK0   BANK1   BANK2
      Params:         2       0       0       0
      Locals:         2       0       0       0
      Temps:          8       0       0       0
      Totals:        12       0       0       0
Total ram usage:       12 bytes
 Hardware stack levels used:    1
 This function calls:
		Nothing
 This function is called by:
		_ISR_Alta
 This function uses a non-reentrant model


 *************** function _CANisRxReady *****************
 Defined at:
		line 1163 in file "../LaurTec_PIC_libraries_v_3.3.0/inc\CANlib.h"
 Parameters:    Size  Location     Type
		None
 Auto vars:     Size  Location     Type
		None
 Return value:  Size  Location     Type
                  1    wreg      unsigned char 
 Registers used:
		wreg, status,2
 Tracked objects:
		On entry : 
		On exit  : 
		Unchanged: 
 Data sizes:     COMRAM   BANK0   BANK1   BANK2
      Params:         0       0       0       0
      Locals:         1       0       0       0
      Temps:          0       0       0       0
      Totals:         1       0       0       0
Total ram usage:        1 bytes
 Hardware stack levels used:    1
 This function calls:
		Nothing
 This function is called by:
		_ISR_Alta
 This function uses a non-reentrant model



MODULE INFORMATION

Module		Function		Class		Link	Load	Size
C:\Program Files (x86)\Microchip\xc8\v1.35\sources\common\awdiv.c
		___awdiv       		CODE           	1DB6	0000	157

C:\Program Files (x86)\Microchip\xc8\v1.35\sources\common\awdiv.c estimated size: 157

C:\Program Files (x86)\Microchip\xc8\v1.35\sources\pic18\plib\PWM\ew1setdc.c
		_SetDCEPWM1    		CODE           	203C	0000	59

C:\Program Files (x86)\Microchip\xc8\v1.35\sources\pic18\plib\PWM\ew1setdc.c estimated size: 59

../LaurTec_PIC_libraries_v_3.3.0/inc\CANlib.h
		_CANisRXwarningON		CODE           	2132	0000	13
		_CANSetFilter  		CODE           	001A	0000	2631
		_CANisRxReady  		CODE           	20EE	0000	23
		_CANreceiveMessage		CODE           	11D4	0000	1293
		_CANisTXwarningON		CODE           	2126	0000	13
		_CANsendMessage		CODE           	0A60	0000	1909
		_CANInitialize 		CODE           	1A3E	0000	435
		_CANOperationMode		CODE           	2104	0000	19
		_CANSetMask    		CODE           	16E0	0000	863

../LaurTec_PIC_libraries_v_3.3.0/inc\CANlib.h estimated size: 7199

C:\Program Files (x86)\Microchip\xc8\v1.35\sources\pic18\plib\Timers\t2open.c
		_OpenTimer2    		CODE           	20D2	0000	29

C:\Program Files (x86)\Microchip\xc8\v1.35\sources\pic18\plib\Timers\t2open.c estimated size: 29

shared
		__initialization		CODE           	1FB0	0000	57

shared estimated size: 57

C:\Program Files (x86)\Microchip\xc8\v1.35\sources\pic18\plib\PWM\ew1open.c
		_OpenEPWM1     		CODE           	2116	0000	17

C:\Program Files (x86)\Microchip\xc8\v1.35\sources\pic18\plib\PWM\ew1open.c estimated size: 17

../LaurTec_PIC_libraries_v_3.3.0/src\delay.c
		_delay_ms      		CODE           	2076	0000	51

../LaurTec_PIC_libraries_v_3.3.0/src\delay.c estimated size: 51

C:\Program Files (x86)\Microchip\xc8\v1.35\sources\common\lwdiv.c
		___lwdiv       		CODE           	1F52	0000	95

C:\Program Files (x86)\Microchip\xc8\v1.35\sources\common\lwdiv.c estimated size: 95

C:\Program Files (x86)\Microchip\xc8\v1.35\sources\common\Umul16.c
		___wmul        		CODE           	20A8	0000	43

C:\Program Files (x86)\Microchip\xc8\v1.35\sources\common\Umul16.c estimated size: 43

Brake_System.c
		_main          		CODE           	1BF0	0000	271
		_board_initialization		CODE           	1E52	0000	155
		_ISR_Alta      		CODE           	0008	0000	199
		_ADC_Read      		CODE           	1EEC	0000	103
		_status_ok     		CODE           	1FF6	0000	71

Brake_System.c estimated size: 799

